
> firecrackers@0.1.0 test:grand
> node tests/grand-collection-browser.mjs

PASS desktop-webgl: grand collection visible and launch reachable: six edge groups, clear hero, reachable picker and launch {"width":1280,"height":800,"hero":{"x":144,"y":0,"width":992,"height":800},"groups":[{"name":"top-left","x":12,"y":12,"width":128,"height":67,"right":140,"bottom":79},{"name":"middle-left","x":12,"y":317.8046875,"width":128,"height":164.390625,"right":140,"bottom":482.1953125},{"name":"bottom-left","x":12,"y":698,"width":128,"height":90,"right":140,"bottom":788},{"name":"top-right","x":1212,"y":12,"width":56,"height":90,"right":1268,"bottom":102},{"name":"middle-right","x":1212,"y":355,"width":56,"height":90,"right":1268,"bottom":445},{"name":"bottom-right","x":1212,"y":717,"width":56,"height":71,"right":1268,"bottom":788}],"buttons":[{"name":"Choose show mode","x":12,"y":35,"width":128,"height":44,"hit":true},{"name":"Previous firework","x":12,"y":317.8046875,"width":128,"height":44,"hit":true},{"name":"Choose firework: Aurora Crown","x":12,"y":363.8046875,"width":128,"height":72.390625,"hit":true},{"name":"Next firework","x":12,"y":438.1953125,"width":128,"height":44,"hit":true},{"name":"Position firework","x":12,"y":698,"width":128,"height":44,"hit":true},{"name":"Help","x":12,"y":744,"width":128,"height":44,"hit":true},{"name":"Pause scene","x":1212,"y":12,"width":56,"height":44,"hit":true},{"name":"Enable sound","x":1212,"y":58,"width":56,"height":44,"hit":true},{"name":"Open settings","x":1212,"y":355,"width":56,"height":44,"hit":true},{"name":"Enter fullscreen","x":1212,"y":401,"width":56,"height":44,"hit":true},{"name":"Launch selected firework","x":1212,"y":717,"width":56,"height":56,"hit":true}],"overflow":false,"launch":{"width":56,"height":56,"bottom":773},"hit":true}
PASS desktop-webgl: real launch, duplicate guard and unchanged committed family {}
PASS desktop-webgl: Aurora Crown complete and cleaned {"bursts":1,"peakParticles":18931,"method":"actual renderer, deterministic phase stepping; not FPS evidence"}
PASS desktop-webgl: Ruby Dahlia complete and cleaned {"bursts":1,"peakParticles":19219,"method":"actual renderer, deterministic phase stepping; not FPS evidence"}
PASS desktop-webgl: Sapphire Saturn complete and cleaned {"bursts":1,"peakParticles":6480,"method":"actual renderer, deterministic phase stepping; not FPS evidence"}
PASS desktop-webgl: Phoenix Palm complete and cleaned {"bursts":1,"peakParticles":20293,"method":"actual renderer, deterministic phase stepping; not FPS evidence"}
PASS desktop-webgl: Opal Supernova complete and cleaned {"bursts":8,"peakParticles":19144,"method":"actual renderer, deterministic phase stepping; not FPS evidence"}
PASS desktop-webgl: composite pause and settings preserve pending children {}
PASS desktop-webgl: noncommitting collection browsing, ten keyboard shortcuts and saved new family {}
PASS desktop-canvas: grand collection visible and launch reachable: six edge groups, clear hero, reachable picker and launch {"width":1280,"height":800,"hero":{"x":144,"y":0,"width":992,"height":800},"groups":[{"name":"top-left","x":12,"y":12,"width":128,"height":67,"right":140,"bottom":79},{"name":"middle-left","x":12,"y":317.8046875,"width":128,"height":164.390625,"right":140,"bottom":482.1953125},{"name":"bottom-left","x":12,"y":698,"width":128,"height":90,"right":140,"bottom":788},{"name":"top-right","x":1212,"y":12,"width":56,"height":90,"right":1268,"bottom":102},{"name":"middle-right","x":1212,"y":355,"width":56,"height":90,"right":1268,"bottom":445},{"name":"bottom-right","x":1212,"y":717,"width":56,"height":71,"right":1268,"bottom":788}],"buttons":[{"name":"Choose show mode","x":12,"y":35,"width":128,"height":44,"hit":true},{"name":"Previous firework","x":12,"y":317.8046875,"width":128,"height":44,"hit":true},{"name":"Choose firework: Aurora Crown","x":12,"y":363.8046875,"width":128,"height":72.390625,"hit":true},{"name":"Next firework","x":12,"y":438.1953125,"width":128,"height":44,"hit":true},{"name":"Position firework","x":12,"y":698,"width":128,"height":44,"hit":true},{"name":"Help","x":12,"y":744,"width":128,"height":44,"hit":true},{"name":"Pause scene","x":1212,"y":12,"width":56,"height":44,"hit":true},{"name":"Enable sound","x":1212,"y":58,"width":56,"height":44,"hit":true},{"name":"Open settings","x":1212,"y":355,"width":56,"height":44,"hit":true},{"name":"Enter fullscreen","x":1212,"y":401,"width":56,"height":44,"hit":true},{"name":"Launch selected firework","x":1212,"y":717,"width":56,"height":56,"hit":true}],"overflow":false,"launch":{"width":56,"height":56,"bottom":773},"hit":true}
PASS desktop-canvas: real launch, duplicate guard and unchanged committed family {}
PASS desktop-canvas: Aurora Crown complete and cleaned {"bursts":1,"peakParticles":18931,"method":"actual renderer, deterministic phase stepping; not FPS evidence"}
PASS desktop-canvas: Ruby Dahlia complete and cleaned {"bursts":1,"peakParticles":19219,"method":"actual renderer, deterministic phase stepping; not FPS evidence"}
PASS desktop-canvas: Sapphire Saturn complete and cleaned {"bursts":1,"peakParticles":6480,"method":"actual renderer, deterministic phase stepping; not FPS evidence"}
PASS desktop-canvas: Phoenix Palm complete and cleaned {"bursts":1,"peakParticles":20293,"method":"actual renderer, deterministic phase stepping; not FPS evidence"}
PASS desktop-canvas: Opal Supernova complete and cleaned {"bursts":8,"peakParticles":19144,"method":"actual renderer, deterministic phase stepping; not FPS evidence"}
PASS desktop-canvas: composite pause and settings preserve pending children {}
PASS desktop-canvas: noncommitting collection browsing, ten keyboard shortcuts and saved new family {}
PASS No unexpected application errors in the expanded collection {}
