
> firecrackers@0.1.0 test
> tsc -p tsconfig.engine.json && node --test tests/engine.test.mjs tests/v2.test.mjs tests/realism-v3.test.mjs tests/video-flow.test.mjs tests/release-fingerprint.test.mjs tests/renderer-recovery.test.mjs tests/grand-collection.test.mjs tests/stage-interactions.test.mjs tests/sky-state.test.mjs tests/celestial-scene.test.mjs tests/launch-composition.test.mjs

TAP version 13
# Subtest: a frozen shared time replays the complete celestial composition
ok 1 - a frozen shared time replays the complete celestial composition
  ---
  duration_ms: 3.2005
  type: 'test'
  ...
# Subtest: near-star pointer displacement stays within three CSS pixels at every edge and viewport
ok 2 - near-star pointer displacement stays within three CSS pixels at every edge and viewport
  ---
  duration_ms: 0.478
  type: 'test'
  ...
# Subtest: an unengaged pointer produces no local response or pointer displacement
ok 3 - an unengaged pointer produces no local response or pointer displacement
  ---
  duration_ms: 0.1446
  type: 'test'
  ...
# Subtest: one seeded distant meteor occupies only its short upper-sky interval
ok 4 - one seeded distant meteor occupies only its short upper-sky interval
  ---
  duration_ms: 0.4001
  type: 'test'
  ...
# Subtest: meteor replay is seeded without consuming or modifying the input state
ok 5 - meteor replay is seeded without consuming or modifying the input state
  ---
  duration_ms: 0.1543
  type: 'test'
  ...
# Subtest: Low, reduced motion and excluded output can disable all celestial animation and response
ok 6 - Low, reduced motion and excluded output can disable all celestial animation and response
  ---
  duration_ms: 0.1112
  type: 'test'
  ...
# Subtest: reduced flashes attenuates a smooth meteor instead of adding an onset flash
ok 7 - reduced flashes attenuates a smooth meteor instead of adding an onset flash
  ---
  duration_ms: 0.3087
  type: 'test'
  ...
# Subtest: invalid state and dimensions stay finite and cannot activate a meteor
ok 8 - invalid state and dimensions stay finite and cannot activate a meteor
  ---
  duration_ms: 0.0968
  type: 'test'
  ...
# Subtest: updates reuse one bounded output and its sole meteor object across ten thousand frames
ok 9 - updates reuse one bounded output and its sole meteor object across ten thousand frames
  ---
  duration_ms: 9.0252
  type: 'test'
  ...
# Subtest: ten identities retain distinct original topology and lifetime
ok 10 - ten identities retain distinct original topology and lifetime
  ---
  duration_ms: 1.3386
  type: 'test'
  ...
# Subtest: uninterrupted hold commits once; release cannot duplicate it
ok 11 - uninterrupted hold commits once; release cannot duplicate it
  ---
  duration_ms: 2.9274
  type: 'test'
  ...
# Subtest: early release cancels hold but retains the selected object
ok 12 - early release cancels hold but retains the selected object
  ---
  duration_ms: 0.7105
  type: 'test'
  ...
# Subtest: accessible ignition follows fuse, ascent, burst, and cleanup
ok 13 - accessible ignition follows fuse, ascent, burst, and cleanup
  ---
  duration_ms: 76.6824
  type: 'test'
  ...
# Subtest: gold-willow emits its complete bounded behavior
ok 14 - gold-willow emits its complete bounded behavior
  ---
  duration_ms: 27.989
  type: 'test'
  ...
# Subtest: multicolor-peony emits its complete bounded behavior
ok 15 - multicolor-peony emits its complete bounded behavior
  ---
  duration_ms: 16.4868
  type: 'test'
  ...
# Subtest: chrysanthemum emits its complete bounded behavior
ok 16 - chrysanthemum emits its complete bounded behavior
  ---
  duration_ms: 32.5063
  type: 'test'
  ...
# Subtest: silver-crossette-crackle emits its complete bounded behavior
ok 17 - silver-crossette-crackle emits its complete bounded behavior
  ---
  duration_ms: 14.335
  type: 'test'
  ...
# Subtest: grand-finale emits its complete bounded behavior
ok 18 - grand-finale emits its complete bounded behavior
  ---
  duration_ms: 27.7992
  type: 'test'
  ...
# Subtest: aurora-crown emits its complete bounded behavior
ok 19 - aurora-crown emits its complete bounded behavior
  ---
  duration_ms: 53.407
  type: 'test'
  ...
# Subtest: ruby-dahlia emits its complete bounded behavior
ok 20 - ruby-dahlia emits its complete bounded behavior
  ---
  duration_ms: 29.8105
  type: 'test'
  ...
# Subtest: sapphire-saturn emits its complete bounded behavior
ok 21 - sapphire-saturn emits its complete bounded behavior
  ---
  duration_ms: 16.7779
  type: 'test'
  ...
# Subtest: phoenix-palm emits its complete bounded behavior
ok 22 - phoenix-palm emits its complete bounded behavior
  ---
  duration_ms: 26.2918
  type: 'test'
  ...
# Subtest: opal-supernova emits its complete bounded behavior
ok 23 - opal-supernova emits its complete bounded behavior
  ---
  duration_ms: 27.3544
  type: 'test'
  ...
# Subtest: pause freezes time, particles, fuse and input; resume does not catch up
ok 24 - pause freezes time, particles, fuse and input; resume does not catch up
  ---
  duration_ms: 1.1355
  type: 'test'
  ...
# Subtest: manual selection stops automatic scheduling permanently
ok 25 - manual selection stops automatic scheduling permanently
  ---
  duration_ms: 58.245
  type: 'test'
  ...
# Subtest: capacity rejects immediately without queuing an ignition
ok 26 - capacity rejects immediately without queuing an ignition
  ---
  duration_ms: 0.6611
  type: 'test'
  ...
# Subtest: finale director stops after its bounded duration
ok 27 - finale director stops after its bounded duration
  ---
  duration_ms: 217.9163
  type: 'test'
  ...
# Subtest: seeded simulation and director reproduce the same structure
ok 28 - seeded simulation and director reproduce the same structure
  ---
  duration_ms: 293.0789
  type: 'test'
  ...
# Subtest: reset releases everything and restores a calm idle scene
ok 29 - reset releases everything and restores a calm idle scene
  ---
  duration_ms: 43.7063
  type: 'test'
  ...
# Subtest: non-finite inputs cannot contaminate the scene
ok 30 - non-finite inputs cannot contaminate the scene
  ---
  duration_ms: 0.6159
  type: 'test'
  ...
# Subtest: particle pool bounds and compaction preserve live values
ok 31 - particle pool bounds and compaction preserve live values
  ---
  duration_ms: 0.061
  type: 'test'
  ...
# Subtest: independent random streams stay repeatable and within range
ok 32 - independent random streams stay repeatable and within range
  ---
  duration_ms: 0.1295
  type: 'test'
  ...
# Subtest: append-only catalogue preserves all original IDs and provides ten safe prop profiles
ok 33 - append-only catalogue preserves all original IDs and provides ten safe prop profiles
  ---
  duration_ms: 1.2159
  type: 'test'
  ...
# Subtest: keys 1 through 0 address all ten families, with invalid shortcuts rejected
ok 34 - keys 1 through 0 address all ten families, with invalid shortcuts rejected
  ---
  duration_ms: 0.2276
  type: 'test'
  ...
# Subtest: Aurora Crown / low: finite, reserved, deterministic and fully cleaned up
ok 35 - Aurora Crown / low: finite, reserved, deterministic and fully cleaned up
  ---
  duration_ms: 64.8248
  type: 'test'
  ...
# Subtest: Aurora Crown / standard: finite, reserved, deterministic and fully cleaned up
ok 36 - Aurora Crown / standard: finite, reserved, deterministic and fully cleaned up
  ---
  duration_ms: 53.2424
  type: 'test'
  ...
# Subtest: Aurora Crown / ultra: finite, reserved, deterministic and fully cleaned up
ok 37 - Aurora Crown / ultra: finite, reserved, deterministic and fully cleaned up
  ---
  duration_ms: 44.2403
  type: 'test'
  ...
# Subtest: Ruby Dahlia / low: finite, reserved, deterministic and fully cleaned up
ok 38 - Ruby Dahlia / low: finite, reserved, deterministic and fully cleaned up
  ---
  duration_ms: 19.7576
  type: 'test'
  ...
# Subtest: Ruby Dahlia / standard: finite, reserved, deterministic and fully cleaned up
ok 39 - Ruby Dahlia / standard: finite, reserved, deterministic and fully cleaned up
  ---
  duration_ms: 30.9689
  type: 'test'
  ...
# Subtest: Ruby Dahlia / ultra: finite, reserved, deterministic and fully cleaned up
ok 40 - Ruby Dahlia / ultra: finite, reserved, deterministic and fully cleaned up
  ---
  duration_ms: 36.1725
  type: 'test'
  ...
# Subtest: Sapphire Saturn / low: finite, reserved, deterministic and fully cleaned up
ok 41 - Sapphire Saturn / low: finite, reserved, deterministic and fully cleaned up
  ---
  duration_ms: 9.2105
  type: 'test'
  ...
# Subtest: Sapphire Saturn / standard: finite, reserved, deterministic and fully cleaned up
ok 42 - Sapphire Saturn / standard: finite, reserved, deterministic and fully cleaned up
  ---
  duration_ms: 51.5177
  type: 'test'
  ...
# Subtest: Sapphire Saturn / ultra: finite, reserved, deterministic and fully cleaned up
ok 43 - Sapphire Saturn / ultra: finite, reserved, deterministic and fully cleaned up
  ---
  duration_ms: 21.9286
  type: 'test'
  ...
# Subtest: Phoenix Palm / low: finite, reserved, deterministic and fully cleaned up
ok 44 - Phoenix Palm / low: finite, reserved, deterministic and fully cleaned up
  ---
  duration_ms: 21.8065
  type: 'test'
  ...
# Subtest: Phoenix Palm / standard: finite, reserved, deterministic and fully cleaned up
ok 45 - Phoenix Palm / standard: finite, reserved, deterministic and fully cleaned up
  ---
  duration_ms: 33.133
  type: 'test'
  ...
# Subtest: Phoenix Palm / ultra: finite, reserved, deterministic and fully cleaned up
ok 46 - Phoenix Palm / ultra: finite, reserved, deterministic and fully cleaned up
  ---
  duration_ms: 31.8554
  type: 'test'
  ...
# Subtest: Opal Supernova / low: finite, reserved, deterministic and fully cleaned up
ok 47 - Opal Supernova / low: finite, reserved, deterministic and fully cleaned up
  ---
  duration_ms: 18.1383
  type: 'test'
  ...
# Subtest: Opal Supernova / standard: finite, reserved, deterministic and fully cleaned up
ok 48 - Opal Supernova / standard: finite, reserved, deterministic and fully cleaned up
  ---
  duration_ms: 35.9752
  type: 'test'
  ...
# Subtest: Opal Supernova / ultra: finite, reserved, deterministic and fully cleaned up
ok 49 - Opal Supernova / ultra: finite, reserved, deterministic and fully cleaned up
  ---
  duration_ms: 43.079
  type: 'test'
  ...
# Subtest: Aurora layers have both jade upper crown and violet interior at Low
ok 50 - Aurora layers have both jade upper crown and violet interior at Low
  ---
  duration_ms: 0.2041
  type: 'test'
  ...
# Subtest: Dahlia retains twelve distinct petal clusters and champagne center
ok 51 - Dahlia retains twelve distinct petal clusters and champagne center
  ---
  duration_ms: 0.1408
  type: 'test'
  ...
# Subtest: Saturn retains a genuinely tilted ring and smaller blue sphere
ok 52 - Saturn retains a genuinely tilted ring and smaller blue sphere
  ---
  duration_ms: 0.3018
  type: 'test'
  ...
# Subtest: Phoenix has eleven rising arms and reserved traveling leaf parents
ok 53 - Phoenix has eleven rising arms and reserved traveling leaf parents
  ---
  duration_ms: 9.2142
  type: 'test'
  ...
# Subtest: Opal carriers are paced, palette-distinct and nonrecursive
ok 54 - Opal carriers are paced, palette-distinct and nonrecursive
  ---
  duration_ms: 0.4737
  type: 'test'
  ...
# Subtest: composite pause cancels time advancement without losing its remaining carriers
ok 55 - composite pause cancels time advancement without losing its remaining carriers
  ---
  duration_ms: 31.7519
  type: 'test'
  ...
# Subtest: mixed catalogue shows do not over-admit heads or lose reserved children
ok 56 - mixed catalogue shows do not over-admit heads or lose reserved children
  ---
  duration_ms: 3036.1286
  type: 'test'
  ...
# Subtest: invalid grand recipe inputs fail early instead of producing NaNs
ok 57 - invalid grand recipe inputs fail early instead of producing NaNs
  ---
  duration_ms: 0.3397
  type: 'test'
  ...
# Subtest: screen apex and grounded terrace 320x480
ok 58 - screen apex and grounded terrace 320x480
  ---
  duration_ms: 0.9912
  type: 'test'
  ...
# Subtest: screen apex and grounded terrace 375x667
ok 59 - screen apex and grounded terrace 375x667
  ---
  duration_ms: 0.1589
  type: 'test'
  ...
# Subtest: screen apex and grounded terrace 393x851
ok 60 - screen apex and grounded terrace 393x851
  ---
  duration_ms: 0.0717
  type: 'test'
  ...
# Subtest: screen apex and grounded terrace 768x1024
ok 61 - screen apex and grounded terrace 768x1024
  ---
  duration_ms: 0.0589
  type: 'test'
  ...
# Subtest: screen apex and grounded terrace 844x390
ok 62 - screen apex and grounded terrace 844x390
  ---
  duration_ms: 0.1031
  type: 'test'
  ...
# Subtest: screen apex and grounded terrace 1280x800
ok 63 - screen apex and grounded terrace 1280x800
  ---
  duration_ms: 0.0511
  type: 'test'
  ...
# Subtest: screen apex and grounded terrace 1920x1080
ok 64 - screen apex and grounded terrace 1920x1080
  ---
  duration_ms: 0.1056
  type: 'test'
  ...
# Subtest: resolved admission snapshots flight across resize, placement and selection
ok 65 - resolved admission snapshots flight across resize, placement and selection
  ---
  duration_ms: 68.9592
  type: 'test'
  ...
# Subtest: seeded automatic shows resolve each admission while sky drops retain their point
ok 66 - seeded automatic shows resolve each admission while sky drops retain their point
  ---
  duration_ms: 5.8518
  type: 'test'
  ...
# Subtest: tray reservation and rail bounds stay identical during drag
ok 67 - tray reservation and rail bounds stay identical during drag
  ---
  duration_ms: 0.6706
  type: 'test'
  ...
# Subtest: detached embers are bounded, finite and cleared on reset
ok 68 - detached embers are bounded, finite and cleared on reset
  ---
  duration_ms: 52.9864
  type: 'test'
  ...
# Subtest: ember detail does not perturb the core trajectory stream
ok 69 - ember detail does not perturb the core trajectory stream
  ---
  duration_ms: 43.9146
  type: 'test'
  ...
# Subtest: fuse path clamps invalid inputs and travels continuously along one curve
ok 70 - fuse path clamps invalid inputs and travels continuously along one curve
  ---
  duration_ms: 0.6027
  type: 'test'
  ...
# Subtest: visible slow frames preserve virtual time up to the bounded catch-up budget
ok 71 - visible slow frames preserve virtual time up to the bounded catch-up budget
  ---
  duration_ms: 24.5943
  type: 'test'
  ...
# Subtest: visible frame adapter rejects invalid deltas and caps a long interruption
ok 72 - visible frame adapter rejects invalid deltas and caps a long interruption
  ---
  duration_ms: 0.3595
  type: 'test'
  ...
# Subtest: manual selection during an automatic fuse preserves the committed effect and takes over
ok 73 - manual selection during an automatic fuse preserves the committed effect and takes over
  ---
  duration_ms: 24.5763
  type: 'test'
  ...
# Subtest: host static diagnostic labels do not change application fingerprint
ok 74 - host static diagnostic labels do not change application fingerprint
  ---
  duration_ms: 11.8318
  type: 'test'
  ...
# Subtest: handlers, safety labels, copy and classes remain fingerprinted
ok 75 - handlers, safety labels, copy and classes remain fingerprinted
  ---
  duration_ms: 5.4364
  type: 'test'
  ...
# Subtest: host-key expressions cannot hide executable differences
ok 76 - host-key expressions cannot hide executable differences
  ---
  duration_ms: 0.5461
  type: 'test'
  ...
# Subtest: non-JSX engine and CSS bytes remain exact except line-ending normalization
ok 77 - non-JSX engine and CSS bytes remain exact except line-ending normalization
  ---
  duration_ms: 0.0757
  type: 'test'
  ...
# Subtest: ready renderer resolves and clears its deadline
ok 78 - ready renderer resolves and clears its deadline
  ---
  duration_ms: 2.5481
  type: 'test'
  ...
# Subtest: rejected renderer can be handled by the fallback path
ok 79 - rejected renderer can be handled by the fallback path
  ---
  duration_ms: 0.8314
  type: 'test'
  ...
# Subtest: hung renderer cannot leave startup loading indefinitely
ok 80 - hung renderer cannot leave startup loading indefinitely
  ---
  duration_ms: 16.8196
  type: 'test'
  ...
# Subtest: unmount cancels pending initialization
ok 81 - unmount cancels pending initialization
  ---
  duration_ms: 0.9336
  type: 'test'
  ...
# Subtest: already-aborted initialization still handles its late rejection
ok 82 - already-aborted initialization still handles its late rejection
  ---
  duration_ms: 0.467
  type: 'test'
  ...
# Subtest: one costly shader frame does not abandon a healthy 3D renderer
ok 83 - one costly shader frame does not abandon a healthy 3D renderer
  ---
  duration_ms: 0.4033
  type: 'test'
  ...
# Subtest: sustained unusable 3D frames trigger compatibility recovery
ok 84 - sustained unusable 3D frames trigger compatibility recovery
  ---
  duration_ms: 0.2588
  type: 'test'
  ...
# Subtest: hidden or idle transitions clear prior overload evidence
ok 85 - hidden or idle transitions clear prior overload evidence
  ---
  duration_ms: 0.1379
  type: 'test'
  ...
# Subtest: sky time is exactly the shared simulation time and reuses one bounded state
ok 86 - sky time is exactly the shared simulation time and reuses one bounded state
  ---
  duration_ms: 1.9122
  type: 'test'
  ...
# Subtest: pointer smoothing is deterministic across normal render cadences and settles
ok 87 - pointer smoothing is deterministic across normal render cadences and settles
  ---
  duration_ms: 0.3206
  type: 'test'
  ...
# Subtest: QA advance can change shared time without advancing frozen pointer response
ok 88 - QA advance can change shared time without advancing frozen pointer response
  ---
  duration_ms: 0.0921
  type: 'test'
  ...
# Subtest: reset, policy changes and invalid targets leave a finite neutral state
ok 89 - reset, policy changes and invalid targets leave a finite neutral state
  ---
  duration_ms: 0.1683
  type: 'test'
  ...
# Subtest: all motion restrictions are honored and idle cadence stays bounded
ok 90 - all motion restrictions are honored and idle cadence stays bounded
  ---
  duration_ms: 0.1287
  type: 'test'
  ...
# Subtest: sky input respects actual horizon, safe insets and every measured control
ok 91 - sky input respects actual horizon, safe insets and every measured control
  ---
  duration_ms: 0.199
  type: 'test'
  ...
# Subtest: hover excludes drags and touch/pen response requires its own primary sky contact
ok 92 - hover excludes drags and touch/pen response requires its own primary sky contact
  ---
  duration_ms: 0.1225
  type: 'test'
  ...
# Subtest: drawer burst gold-willow: admission, cleanup and deterministic replay
ok 93 - drawer burst gold-willow: admission, cleanup and deterministic replay
  ---
  duration_ms: 132.8263
  type: 'test'
  ...
# Subtest: drawer burst multicolor-peony: admission, cleanup and deterministic replay
ok 94 - drawer burst multicolor-peony: admission, cleanup and deterministic replay
  ---
  duration_ms: 23.0919
  type: 'test'
  ...
# Subtest: drawer burst chrysanthemum: admission, cleanup and deterministic replay
ok 95 - drawer burst chrysanthemum: admission, cleanup and deterministic replay
  ---
  duration_ms: 60.9539
  type: 'test'
  ...
# Subtest: drawer burst silver-crossette-crackle: admission, cleanup and deterministic replay
ok 96 - drawer burst silver-crossette-crackle: admission, cleanup and deterministic replay
  ---
  duration_ms: 19.2938
  type: 'test'
  ...
# Subtest: drawer burst grand-finale: admission, cleanup and deterministic replay
ok 97 - drawer burst grand-finale: admission, cleanup and deterministic replay
  ---
  duration_ms: 94.0497
  type: 'test'
  ...
# Subtest: drawer burst aurora-crown: admission, cleanup and deterministic replay
ok 98 - drawer burst aurora-crown: admission, cleanup and deterministic replay
  ---
  duration_ms: 87.3987
  type: 'test'
  ...
# Subtest: drawer burst ruby-dahlia: admission, cleanup and deterministic replay
ok 99 - drawer burst ruby-dahlia: admission, cleanup and deterministic replay
  ---
  duration_ms: 64.8247
  type: 'test'
  ...
# Subtest: drawer burst sapphire-saturn: admission, cleanup and deterministic replay
ok 100 - drawer burst sapphire-saturn: admission, cleanup and deterministic replay
  ---
  duration_ms: 36.3495
  type: 'test'
  ...
# Subtest: drawer burst phoenix-palm: admission, cleanup and deterministic replay
ok 101 - drawer burst phoenix-palm: admission, cleanup and deterministic replay
  ---
  duration_ms: 101.4289
  type: 'test'
  ...
# Subtest: drawer burst opal-supernova: admission, cleanup and deterministic replay
ok 102 - drawer burst opal-supernova: admission, cleanup and deterministic replay
  ---
  duration_ms: 81.3984
  type: 'test'
  ...
# Subtest: drawer rejects pause, invalid positions and committed-flight replacement
ok 103 - drawer rejects pause, invalid positions and committed-flight replacement
  ---
  duration_ms: 0.8582
  type: 'test'
  ...
# Subtest: per-family launch commits the requested rocket once and leaves an in-flight rocket immutable
ok 104 - per-family launch commits the requested rocket once and leaves an in-flight rocket immutable
  ---
  duration_ms: 1.1019
  type: 'test'
  ...
# Subtest: pad drop left commits the release position and takes the normal flight path
ok 105 - pad drop left commits the release position and takes the normal flight path
  ---
  duration_ms: 9.8225
  type: 'test'
  ...
# Subtest: pad drop center commits the release position and takes the normal flight path
ok 106 - pad drop center commits the release position and takes the normal flight path
  ---
  duration_ms: 8.3033
  type: 'test'
  ...
# Subtest: pad drop right commits the release position and takes the normal flight path
ok 107 - pad drop right commits the release position and takes the normal flight path
  ---
  duration_ms: 8.7595
  type: 'test'
  ...
# Subtest: failed pad admissions retain the selected style and placement
ok 108 - failed pad admissions retain the selected style and placement
  ---
  duration_ms: 0.8039
  type: 'test'
  ...
# Subtest: next launch is available as soon as a burst begins, with no artificial rearm wait
ok 109 - next launch is available as soon as a burst begins, with no artificial rearm wait
  ---
  duration_ms: 1.0714
  type: 'test'
  ...
# Subtest: a sky burst leaves the next pad launch available immediately when capacity permits
ok 110 - a sky burst leaves the next pad launch available immediately when capacity permits
  ---
  duration_ms: 0.6824
  type: 'test'
  ...
# Subtest: manual launch takes over a show only when admitted
ok 111 - manual launch takes over a show only when admitted
  ---
  duration_ms: 0.724
  type: 'test'
  ...
# Subtest: target-family capacity permits a smaller icon launch or drop when the current selection is too large
ok 112 - target-family capacity permits a smaller icon launch or drop when the current selection is too large
  ---
  duration_ms: 1.865
  type: 'test'
  ...
# Subtest: virtual motion reaches fuse without non-finite state
ok 113 - virtual motion reaches fuse without non-finite state
  ---
  duration_ms: 43.8693
  type: 'test'
  ...
# Subtest: virtual motion reaches thrust without non-finite state
ok 114 - virtual motion reaches thrust without non-finite state
  ---
  duration_ms: 24.0119
  type: 'test'
  ...
# Subtest: virtual motion reaches coast without non-finite state
ok 115 - virtual motion reaches coast without non-finite state
  ---
  duration_ms: 30.2778
  type: 'test'
  ...
# Subtest: virtual motion reaches afterglow without non-finite state
ok 116 - virtual motion reaches afterglow without non-finite state
  ---
  duration_ms: 20.9048
  type: 'test'
  ...
# Subtest: powered ascent accelerates; coast loses speed without a discontinuity
ok 117 - powered ascent accelerates; coast loses speed without a discontinuity
  ---
  duration_ms: 11.1894
  type: 'test'
  ...
# Subtest: resizing does not change existing airborne trajectories
ok 118 - resizing does not change existing airborne trajectories
  ---
  duration_ms: 21.9582
  type: 'test'
  ...
# Subtest: pool identity and previous position move together during compaction
ok 119 - pool identity and previous position move together during compaction
  ---
  duration_ms: 0.1919
  type: 'test'
  ...
# Subtest: invalid pool removal cannot underflow live particles
ok 120 - invalid pool removal cannot underflow live particles
  ---
  duration_ms: 0.0607
  type: 'test'
  ...
# Subtest: trail endpoints stay owned after the source particle is recycled
ok 121 - trail endpoints stay owned after the source particle is recycled
  ---
  duration_ms: 10.9166
  type: 'test'
  ...
# Subtest: trail pool ignores non-finite endpoints and remains bounded
ok 122 - trail pool ignores non-finite endpoints and remains bounded
  ---
  duration_ms: 0.2994
  type: 'test'
  ...
# Subtest: additional smoke randomness cannot change the next rocket
ok 123 - additional smoke randomness cannot change the next rocket
  ---
  duration_ms: 79.3917
  type: 'test'
  ...
# Subtest: finale carriers travel before breaking at their own positions
ok 124 - finale carriers travel before breaking at their own positions
  ---
  duration_ms: 1.3446
  type: 'test'
  ...
# Subtest: crossette splitting produces spatially moving children
ok 125 - crossette splitting produces spatially moving children
  ---
  duration_ms: 11.5172
  type: 'test'
  ...
# Subtest: low overlapping shows respect configured smoke and trail budgets
ok 126 - low overlapping shows respect configured smoke and trail budgets
  ---
  duration_ms: 258.2122
  type: 'test'
  ...
# Subtest: standard overlapping shows respect configured smoke and trail budgets
ok 127 - standard overlapping shows respect configured smoke and trail budgets
  ---
  duration_ms: 434.9058
  type: 'test'
  ...
# Subtest: ultra overlapping shows respect configured smoke and trail budgets
ok 128 - ultra overlapping shows respect configured smoke and trail budgets
  ---
  duration_ms: 516.7215
  type: 'test'
  ...
# Subtest: independent pause blockers preserve a manual pause
ok 129 - independent pause blockers preserve a manual pause
  ---
  duration_ms: 0.1867
  type: 'test'
  ...
# Subtest: closing an overlay cannot clear hidden or graphics blockers
ok 130 - closing an overlay cannot clear hidden or graphics blockers
  ---
  duration_ms: 0.0497
  type: 'test'
  ...
# Subtest: pause intent reset clears every blocker
ok 131 - pause intent reset clears every blocker
  ---
  duration_ms: 0.0994
  type: 'test'
  ...
# Subtest: a cancelled pending wake request releases its late token
ok 132 - a cancelled pending wake request releases its late token
  ---
  duration_ms: 0.2019
  type: 'test'
  ...
# Subtest: a hidden page cannot acquire a pending wake token
ok 133 - a hidden page cannot acquire a pending wake token
  ---
  duration_ms: 0.0695
  type: 'test'
  ...
# Subtest: wake disposal invalidates requests and future acquisition
ok 134 - wake disposal invalidates requests and future acquisition
  ---
  duration_ms: 0.0652
  type: 'test'
  ...
# Subtest: unsupported wake locking fails without throwing
ok 135 - unsupported wake locking fails without throwing
  ---
  duration_ms: 0.0367
  type: 'test'
  ...
# Subtest: presentation parser rejects arbitrary modes, seeds and rectangles
ok 136 - presentation parser rejects arbitrary modes, seeds and rectangles
  ---
  duration_ms: 0.1762
  type: 'test'
  ...
# Subtest: presentation links roundtrip only allowlisted operator settings
ok 137 - presentation links roundtrip only allowlisted operator settings
  ---
  duration_ms: 0.2478
  type: 'test'
  ...
# Subtest: quality changes use hysteresis rather than one slow frame
ok 138 - quality changes use hysteresis rather than one slow frame
  ---
  duration_ms: 0.1974
  type: 'test'
  ...
# Subtest: manual graphics selection is not overridden by the governor
ok 139 - manual graphics selection is not overridden by the governor
  ---
  duration_ms: 0.1085
  type: 'test'
  ...
# Subtest: Gold Willow: one committed rocket, apex break, and immediate next readiness
ok 140 - Gold Willow: one committed rocket, apex break, and immediate next readiness
  ---
  duration_ms: 85.4868
  type: 'test'
  ...
# Subtest: Multicolor Peony: one committed rocket, apex break, and immediate next readiness
ok 141 - Multicolor Peony: one committed rocket, apex break, and immediate next readiness
  ---
  duration_ms: 18.4585
  type: 'test'
  ...
# Subtest: Chrysanthemum: one committed rocket, apex break, and immediate next readiness
ok 142 - Chrysanthemum: one committed rocket, apex break, and immediate next readiness
  ---
  duration_ms: 38.6894
  type: 'test'
  ...
# Subtest: Silver Crossette Crackle: one committed rocket, apex break, and immediate next readiness
ok 143 - Silver Crossette Crackle: one committed rocket, apex break, and immediate next readiness
  ---
  duration_ms: 14.3009
  type: 'test'
  ...
# Subtest: Grand Finale: one committed rocket, apex break, and immediate next readiness
ok 144 - Grand Finale: one committed rocket, apex break, and immediate next readiness
  ---
  duration_ms: 48.2485
  type: 'test'
  ...
# Subtest: Aurora Crown: one committed rocket, apex break, and immediate next readiness
ok 145 - Aurora Crown: one committed rocket, apex break, and immediate next readiness
  ---
  duration_ms: 52.17
  type: 'test'
  ...
# Subtest: Ruby Dahlia: one committed rocket, apex break, and immediate next readiness
ok 146 - Ruby Dahlia: one committed rocket, apex break, and immediate next readiness
  ---
  duration_ms: 32.1242
  type: 'test'
  ...
# Subtest: Sapphire Saturn: one committed rocket, apex break, and immediate next readiness
ok 147 - Sapphire Saturn: one committed rocket, apex break, and immediate next readiness
  ---
  duration_ms: 18.656
  type: 'test'
  ...
# Subtest: Phoenix Palm: one committed rocket, apex break, and immediate next readiness
ok 148 - Phoenix Palm: one committed rocket, apex break, and immediate next readiness
  ---
  duration_ms: 30.4955
  type: 'test'
  ...
# Subtest: Opal Supernova: one committed rocket, apex break, and immediate next readiness
ok 149 - Opal Supernova: one committed rocket, apex break, and immediate next readiness
  ---
  duration_ms: 44.2658
  type: 'test'
  ...
# Subtest: selecting and positioning during a committed flight cannot mutate that rocket
ok 150 - selecting and positioning during a committed flight cannot mutate that rocket
  ---
  duration_ms: 9.0536
  type: 'test'
  ...
# Subtest: fuse and in-flight pause preserve the same exact state
ok 151 - fuse and in-flight pause preserve the same exact state
  ---
  duration_ms: 9.823
  type: 'test'
  ...
# Subtest: shared body, motor and shell attachments remain finite and ordered through the apex
ok 152 - shared body, motor and shell attachments remain finite and ordered through the apex
  ---
  duration_ms: 0.2695
  type: 'test'
  ...
# Subtest: afterglow does not reserve a fictitious occupied launch pad for sixteen seconds
ok 153 - afterglow does not reserve a fictitious occupied launch pad for sixteen seconds
  ---
  duration_ms: 2.0739
  type: 'test'
  ...
# Subtest: rapid manual attempts cannot spawn duplicates during any active flight
ok 154 - rapid manual attempts cannot spawn duplicates during any active flight
  ---
  duration_ms: 1017.3726
  type: 'test'
  ...
1..154
# tests 154
# suites 0
# pass 154
# fail 0
# cancelled 0
# skipped 0
# todo 0
# duration_ms 3722.4297
