
> firecrackers@0.1.0 build
> node scripts/generate-icons.mjs && node scripts/generate-notices.mjs && node scripts/generate-release.mjs && tsc --noEmit && vite build

Release 2026-09-29.3: 49 normalized upgrade modules, SHA-256 4ae7b48094bad269c0a47655d5d20e6839b71f593100aa052d90e4df63a6a40d
vite v6.4.3 building for production...
transforming...
✓ 1636 modules transformed.
rendering chunks...
computing gzip size...
dist/manifest.webmanifest                          0.43 kB
dist/index.html                                    2.34 kB │ gzip:   1.17 kB
dist/assets/main-CDpGEyvj.css                     57.85 kB │ gzip:  12.92 kB
dist/assets/index-C8BfOP8u.js                      2.67 kB │ gzip:   1.36 kB
dist/assets/workbox-window.prod.es5-BBnX5xw4.js    5.75 kB │ gzip:   2.36 kB
dist/assets/main-Bf8PAJYd.js                     287.00 kB │ gzip:  91.35 kB
dist/assets/Renderer-CTPu40Ws.js                 889.98 kB │ gzip: 247.78 kB
✓ built in 3.50s

PWA v1.0.3
mode      generateSW
precache  15 entries (1245.87 KiB)
files generated
  dist/sw.js
  dist/workbox-35e397ac.js
