
> firecrackers@0.1.0 test
> tsc -p tsconfig.engine.json && node --test tests/engine.test.mjs tests/v2.test.mjs tests/realism-v3.test.mjs tests/video-flow.test.mjs tests/release-fingerprint.test.mjs tests/renderer-recovery.test.mjs tests/grand-collection.test.mjs tests/stage-interactions.test.mjs

✔ ten identities retain distinct original topology and lifetime (0.8124ms)
✔ uninterrupted hold commits once; release cannot duplicate it (1.5703ms)
✔ early release cancels hold but retains the selected object (0.6146ms)
✔ accessible ignition follows fuse, ascent, burst, and cleanup (49.0263ms)
✔ gold-willow emits its complete bounded behavior (25.6443ms)
✔ multicolor-peony emits its complete bounded behavior (7.3068ms)
✔ chrysanthemum emits its complete bounded behavior (23.1774ms)
✔ silver-crossette-crackle emits its complete bounded behavior (8.2422ms)
✔ grand-finale emits its complete bounded behavior (21.1764ms)
✔ aurora-crown emits its complete bounded behavior (32.5459ms)
✔ ruby-dahlia emits its complete bounded behavior (26.1646ms)
✔ sapphire-saturn emits its complete bounded behavior (14.4031ms)
✔ phoenix-palm emits its complete bounded behavior (21.7661ms)
✔ opal-supernova emits its complete bounded behavior (24.7478ms)
✔ pause freezes time, particles, fuse and input; resume does not catch up (1.0129ms)
✔ manual selection stops automatic scheduling permanently (47.6381ms)
✔ capacity rejects immediately without queuing an ignition (0.5277ms)
✔ finale director stops after its bounded duration (208.642ms)
✔ seeded simulation and director reproduce the same structure (294.2779ms)
✔ reset releases everything and restores a calm idle scene (42.7785ms)
✔ non-finite inputs cannot contaminate the scene (0.564ms)
✔ particle pool bounds and compaction preserve live values (0.0641ms)
✔ independent random streams stay repeatable and within range (0.1706ms)
✔ append-only catalogue preserves all original IDs and provides ten safe prop profiles (2.3252ms)
✔ keys 1 through 0 address all ten families, with invalid shortcuts rejected (0.1449ms)
✔ Aurora Crown / low: finite, reserved, deterministic and fully cleaned up (27.9973ms)
✔ Aurora Crown / standard: finite, reserved, deterministic and fully cleaned up (36.2664ms)
✔ Aurora Crown / ultra: finite, reserved, deterministic and fully cleaned up (38.7954ms)
✔ Ruby Dahlia / low: finite, reserved, deterministic and fully cleaned up (13.9971ms)
✔ Ruby Dahlia / standard: finite, reserved, deterministic and fully cleaned up (29.4954ms)
✔ Ruby Dahlia / ultra: finite, reserved, deterministic and fully cleaned up (31.2972ms)
✔ Sapphire Saturn / low: finite, reserved, deterministic and fully cleaned up (8.1108ms)
✔ Sapphire Saturn / standard: finite, reserved, deterministic and fully cleaned up (14.823ms)
✔ Sapphire Saturn / ultra: finite, reserved, deterministic and fully cleaned up (17.4802ms)
✔ Phoenix Palm / low: finite, reserved, deterministic and fully cleaned up (14.8746ms)
✔ Phoenix Palm / standard: finite, reserved, deterministic and fully cleaned up (24.3617ms)
✔ Phoenix Palm / ultra: finite, reserved, deterministic and fully cleaned up (28.8595ms)
✔ Opal Supernova / low: finite, reserved, deterministic and fully cleaned up (17.3127ms)
✔ Opal Supernova / standard: finite, reserved, deterministic and fully cleaned up (34.3402ms)
✔ Opal Supernova / ultra: finite, reserved, deterministic and fully cleaned up (40.3397ms)
✔ Aurora layers have both jade upper crown and violet interior at Low (0.2191ms)
✔ Dahlia retains twelve distinct petal clusters and champagne center (0.1529ms)
✔ Saturn retains a genuinely tilted ring and smaller blue sphere (0.2407ms)
✔ Phoenix has eleven rising arms and reserved traveling leaf parents (9.7706ms)
✔ Opal carriers are paced, palette-distinct and nonrecursive (0.6845ms)
✔ composite pause cancels time advancement without losing its remaining carriers (32.4979ms)
✔ mixed catalogue shows do not over-admit heads or lose reserved children (2964.2877ms)
✔ invalid grand recipe inputs fail early instead of producing NaNs (0.3457ms)
✔ detached embers are bounded, finite and cleared on reset (29.2881ms)
✔ ember detail does not perturb the core trajectory stream (35.2825ms)
✔ fuse path clamps invalid inputs and travels continuously along one curve (0.5353ms)
✔ visible slow frames preserve virtual time up to the bounded catch-up budget (20.8129ms)
✔ visible frame adapter rejects invalid deltas and caps a long interruption (0.3308ms)
✔ manual selection during an automatic fuse preserves the committed effect and takes over (12.2916ms)
✔ host static diagnostic labels do not change application fingerprint (9.1318ms)
✔ handlers, safety labels, copy and classes remain fingerprinted (2.9407ms)
✔ host-key expressions cannot hide executable differences (0.5506ms)
✔ non-JSX engine and CSS bytes remain exact except line-ending normalization (0.8535ms)
✔ ready renderer resolves and clears its deadline (0.5895ms)
✔ rejected renderer can be handled by the fallback path (0.8062ms)
✔ hung renderer cannot leave startup loading indefinitely (11.5809ms)
✔ unmount cancels pending initialization (1.1169ms)
✔ already-aborted initialization still handles its late rejection (0.1613ms)
✔ drawer burst gold-willow: admission, cleanup and deterministic replay (99.1775ms)
✔ drawer burst multicolor-peony: admission, cleanup and deterministic replay (15.4022ms)
✔ drawer burst chrysanthemum: admission, cleanup and deterministic replay (44.4407ms)
✔ drawer burst silver-crossette-crackle: admission, cleanup and deterministic replay (14.9807ms)
✔ drawer burst grand-finale: admission, cleanup and deterministic replay (88.7624ms)
✔ drawer burst aurora-crown: admission, cleanup and deterministic replay (75.1517ms)
✔ drawer burst ruby-dahlia: admission, cleanup and deterministic replay (63.6226ms)
✔ drawer burst sapphire-saturn: admission, cleanup and deterministic replay (35.7012ms)
✔ drawer burst phoenix-palm: admission, cleanup and deterministic replay (56.2459ms)
✔ drawer burst opal-supernova: admission, cleanup and deterministic replay (81.3525ms)
✔ drawer rejects pause, invalid positions and committed-flight replacement (0.9758ms)
✔ virtual motion reaches fuse without non-finite state (29.3179ms)
✔ virtual motion reaches thrust without non-finite state (20.6278ms)
✔ virtual motion reaches coast without non-finite state (20.3444ms)
✔ virtual motion reaches afterglow without non-finite state (21.4467ms)
✔ powered ascent accelerates; coast loses speed without a discontinuity (10.4051ms)
✔ resizing does not change existing airborne trajectories (22.891ms)
✔ pool identity and previous position move together during compaction (0.116ms)
✔ invalid pool removal cannot underflow live particles (0.0688ms)
✔ trail endpoints stay owned after the source particle is recycled (9.3705ms)
✔ trail pool ignores non-finite endpoints and remains bounded (0.4147ms)
✔ additional smoke randomness cannot change the next rocket (63.8155ms)
✔ finale carriers travel before breaking at their own positions (0.8792ms)
✔ crossette splitting produces spatially moving children (5.6942ms)
✔ low overlapping shows respect configured smoke and trail budgets (229.0822ms)
✔ standard overlapping shows respect configured smoke and trail budgets (429.2949ms)
✔ ultra overlapping shows respect configured smoke and trail budgets (516.6983ms)
✔ independent pause blockers preserve a manual pause (0.194ms)
✔ closing an overlay cannot clear hidden or graphics blockers (0.0854ms)
✔ pause intent reset clears every blocker (0.0422ms)
✔ a cancelled pending wake request releases its late token (0.1663ms)
✔ a hidden page cannot acquire a pending wake token (0.053ms)
✔ wake disposal invalidates requests and future acquisition (0.0546ms)
✔ unsupported wake locking fails without throwing (0.0266ms)
✔ presentation parser rejects arbitrary modes, seeds and rectangles (0.1352ms)
✔ presentation links roundtrip only allowlisted operator settings (0.2102ms)
✔ quality changes use hysteresis rather than one slow frame (0.1748ms)
✔ manual graphics selection is not overridden by the governor (0.1149ms)
✔ Gold Willow: one committed rocket, apex break, and explicit rearm (57.8502ms)
✔ Multicolor Peony: one committed rocket, apex break, and explicit rearm (9.0283ms)
✔ Chrysanthemum: one committed rocket, apex break, and explicit rearm (28.376ms)
✔ Silver Crossette Crackle: one committed rocket, apex break, and explicit rearm (9.1617ms)
✔ Grand Finale: one committed rocket, apex break, and explicit rearm (49.121ms)
✔ Aurora Crown: one committed rocket, apex break, and explicit rearm (41.3693ms)
✔ Ruby Dahlia: one committed rocket, apex break, and explicit rearm (32.477ms)
✔ Sapphire Saturn: one committed rocket, apex break, and explicit rearm (20.2806ms)
✔ Phoenix Palm: one committed rocket, apex break, and explicit rearm (30.9436ms)
✔ Opal Supernova: one committed rocket, apex break, and explicit rearm (41.4055ms)
✔ selecting and positioning during a committed flight cannot mutate that rocket (3.962ms)
✔ fuse and in-flight pause preserve the same exact state (8.1584ms)
✔ shared body, motor and shell attachments remain finite and ordered through the apex (0.3378ms)
✔ afterglow does not reserve a fictitious occupied launch pad for sixteen seconds (1.9282ms)
✔ rapid manual attempts cannot spawn duplicates during any active flight (968.4205ms)
ℹ tests 116
ℹ suites 0
ℹ pass 116
ℹ fail 0
ℹ cancelled 0
ℹ skipped 0
ℹ todo 0
ℹ duration_ms 3485.9772
